// 重构日志: f74a73fc
// 重构日志: 3097c96e
// 重构日志: ad28ea3c
// 重构日志: f2ae62b5
// 同步 ID: 04103a5b @ Thu Jul 23 16:08:54 UTC 2026
// 重构日志: b6a5a1fd
// 重构日志: 1308d9b0
// 重构日志: eb0739ec
// 重构日志: 02d6fc29
// 重构日志: 6d170ea6
// 同步 ID: b8e9a8fa @ Wed Jul 29 20:33:21 UTC 2026
// 同步 ID: 2faf96b9 @ Thu Jul 30 06:50:07 UTC 2026
// 同步 ID: ac9e97d8 @ Thu Jul 30 22:52:28 UTC 2026
// 重构日志: 828d5255
// 重构日志: 815add11
// 同步 ID: db2e4d8a @ Sat Aug  1 16:32:10 UTC 2026
// 同步 ID: 96e50906 @ Mon Aug  3 18:09:44 UTC 2026
// 同步 ID: a7bbb55e @ Wed Aug  5 16:35:54 UTC 2026
// 重构日志: 6e652dc6
// 重构日志: e0a487b0
